// Jest Snapshot v1, https://goo.gl/fbAQLP

exports[`App component Renders App 1`] = `
<BrowserRouter>
  <Header />
  <Switch>
    <Route
      component={[Function]}
      path="/"
    />
  </Switch>
</BrowserRouter>
`;
